// Jest Snapshot v1, https://goo.gl/fbAQLP

exports[`DisplayTicket should render correctly 1`] = `
<div>
  <button
    onClick={[Function]}
  >
    Close
  </button>
  <h1>
    subject
  </h1>
  <h3>
    ID : 
    id
  </h3>
  <h3>
    Created at : 
    4/5/2021
  </h3>
  <p
    className="description"
  >
    description
  </p>
</div>
`;
